package org.assertj.assertions.generator.data;

import org.assertj.core.internal.cglib.proxy.Enhancer;

import org.assertj.core.api.ErrorCollector;

import org.junit.rules.TestRule;
import org.junit.runner.Description;
import org.junit.runners.model.MultipleFailureException;
import org.junit.runners.model.Statement;

/**
 * Entry point for assertions of different data types. Each method in this class is a static factory for the
 * type-specific assertion objects.
 */
@javax.annotation.Generated(value="assertj-assertions-generator")
public class JUnitSoftAssertions extends org.assertj.core.api.JUnitSoftAssertions {

  /**
   * Creates a new "soft" instance of <code>{@link org.assertj.assertions.generator.data.ArtWorkAssert}</code>.
   *
   * @param actual the actual value.
   * @return the created "soft" assertion object.
   */
  @org.assertj.core.util.CheckReturnValue
  public org.assertj.assertions.generator.data.ArtWorkAssert assertThat(org.assertj.assertions.generator.data.ArtWork actual) {
    return proxy(org.assertj.assertions.generator.data.ArtWorkAssert.class, org.assertj.assertions.generator.data.ArtWork.class, actual);
  }

  /**
   * Creates a new "soft" instance of <code>{@link org.assertj.assertions.generator.data.MovieAssert}</code>.
   *
   * @param actual the actual value.
   * @return the created "soft" assertion object.
   */
  @org.assertj.core.util.CheckReturnValue
  public org.assertj.assertions.generator.data.MovieAssert assertThat(org.assertj.assertions.generator.data.Movie actual) {
    return proxy(org.assertj.assertions.generator.data.MovieAssert.class, org.assertj.assertions.generator.data.Movie.class, actual);
  }

  /**
   * Creates a new "soft" instance of <code>{@link org.assertj.assertions.generator.data.MoviePublicCategoryAssert}</code>.
   *
   * @param actual the actual value.
   * @return the created "soft" assertion object.
   */
  @org.assertj.core.util.CheckReturnValue
  public org.assertj.assertions.generator.data.MoviePublicCategoryAssert assertThat(org.assertj.assertions.generator.data.Movie.PublicCategory actual) {
    return proxy(org.assertj.assertions.generator.data.MoviePublicCategoryAssert.class, org.assertj.assertions.generator.data.Movie.PublicCategory.class, actual);
  }

  /**
   * Creates a new "soft" instance of <code>{@link org.assertj.assertions.generator.data.NameAssert}</code>.
   *
   * @param actual the actual value.
   * @return the created "soft" assertion object.
   */
  @org.assertj.core.util.CheckReturnValue
  public org.assertj.assertions.generator.data.NameAssert assertThat(org.assertj.assertions.generator.data.Name actual) {
    return proxy(org.assertj.assertions.generator.data.NameAssert.class, org.assertj.assertions.generator.data.Name.class, actual);
  }

  /**
   * Creates a new "soft" instance of <code>{@link org.assertj.assertions.generator.data.TreeEnumAssert}</code>.
   *
   * @param actual the actual value.
   * @return the created "soft" assertion object.
   */
  @org.assertj.core.util.CheckReturnValue
  public org.assertj.assertions.generator.data.TreeEnumAssert assertThat(org.assertj.assertions.generator.data.TreeEnum actual) {
    return proxy(org.assertj.assertions.generator.data.TreeEnumAssert.class, org.assertj.assertions.generator.data.TreeEnum.class, actual);
  }

  /**
   * Creates a new "soft" instance of <code>{@link org.assertj.assertions.generator.data.lotr.RaceAssert}</code>.
   *
   * @param actual the actual value.
   * @return the created "soft" assertion object.
   */
  @org.assertj.core.util.CheckReturnValue
  public org.assertj.assertions.generator.data.lotr.RaceAssert assertThat(org.assertj.assertions.generator.data.lotr.Race actual) {
    return proxy(org.assertj.assertions.generator.data.lotr.RaceAssert.class, org.assertj.assertions.generator.data.lotr.Race.class, actual);
  }

  /**
   * Creates a new "soft" instance of <code>{@link org.assertj.assertions.generator.data.lotr.RingAssert}</code>.
   *
   * @param actual the actual value.
   * @return the created "soft" assertion object.
   */
  @org.assertj.core.util.CheckReturnValue
  public org.assertj.assertions.generator.data.lotr.RingAssert assertThat(org.assertj.assertions.generator.data.lotr.Ring actual) {
    return proxy(org.assertj.assertions.generator.data.lotr.RingAssert.class, org.assertj.assertions.generator.data.lotr.Ring.class, actual);
  }

  /**
   * Creates a new "soft" instance of <code>{@link org.assertj.assertions.generator.data.lotr.TolkienCharacterAssert}</code>.
   *
   * @param actual the actual value.
   * @return the created "soft" assertion object.
   */
  @org.assertj.core.util.CheckReturnValue
  public org.assertj.assertions.generator.data.lotr.TolkienCharacterAssert assertThat(org.assertj.assertions.generator.data.lotr.TolkienCharacter actual) {
    return proxy(org.assertj.assertions.generator.data.lotr.TolkienCharacterAssert.class, org.assertj.assertions.generator.data.lotr.TolkienCharacter.class, actual);
  }

  /**
   * Creates a new "soft" instance of <code>{@link org.assertj.assertions.generator.data.nba.PlayerAssert}</code>.
   *
   * @param actual the actual value.
   * @return the created "soft" assertion object.
   */
  @org.assertj.core.util.CheckReturnValue
  public org.assertj.assertions.generator.data.nba.PlayerAssert assertThat(org.assertj.assertions.generator.data.nba.Player actual) {
    return proxy(org.assertj.assertions.generator.data.nba.PlayerAssert.class, org.assertj.assertions.generator.data.nba.Player.class, actual);
  }

}
